23:18:02 **** Incremental Build of configuration Debug for project EX01 ****
make -j8 all 
arm-none-eabi-gcc "../Core/Src/main.c" -mcpu=cortex-m3 -std=gnu11 -g3 -DDEBUG -DUSE_HAL_DRIVER -DSTM32F103x6 -c -I../Core/Inc -I../Drivers/STM32F1xx_HAL_Driver/Inc -I../Drivers/STM32F1xx_HAL_Driver/Inc/Legacy -I../Drivers/CMSIS/Device/ST/STM32F1xx/Include -I../Drivers/CMSIS/Include -O0 -ffunction-sections -fdata-sections -Wall -fstack-usage -MMD -MP -MF"Core/Src/main.d" -MT"Core/Src/main.o" --specs=nano.specs -mfloat-abi=soft -mthumb -o "Core/Src/main.o"
arm-none-eabi-gcc "../Core/Src/timer.c" -mcpu=cortex-m3 -std=gnu11 -g3 -DDEBUG -DUSE_HAL_DRIVER -DSTM32F103x6 -c -I../Core/Inc -I../Drivers/STM32F1xx_HAL_Driver/Inc -I../Drivers/STM32F1xx_HAL_Driver/Inc/Legacy -I../Drivers/CMSIS/Device/ST/STM32F1xx/Include -I../Drivers/CMSIS/Include -O0 -ffunction-sections -fdata-sections -Wall -fstack-usage -MMD -MP -MF"Core/Src/timer.d" -MT"Core/Src/timer.o" --specs=nano.specs -mfloat-abi=soft -mthumb -o "Core/Src/timer.o"
arm-none-eabi-gcc -o "EX01.elf" @"objects.list"   -mcpu=cortex-m3 -T"C:\Users\PC\OneDrive\YEAR3-SEMESTER2\Micro-processing\PROJECTS\LAB02\EX01\STM32F103C6UX_FLASH.ld" --specs=nosys.specs -Wl,-Map="EX01.map" -Wl,--gc-sections -static --specs=nano.specs -mfloat-abi=soft -mthumb -Wl,--start-group -lc -lm -Wl,--end-group
Finished building target: EX01.elf
 
arm-none-eabi-size   EX01.elf 
arm-none-eabi-objdump -h -S  EX01.elf  > "EX01.list"
arm-none-eabi-objcopy  -O ihex  EX01.elf  "EX01.hex"
arm-none-eabi-objcopy  -O binary  EX01.elf  "EX01.bin"
   text	   data	    bss	    dec	    hex	filename
   8032	     32	   1656	   9720	   25f8	EX01.elf
Finished building: default.size.stdout
 
Finished building: EX01.bin
Finished building: EX01.hex
 
Finished building: EX01.list
 
 
